Microchip MPLAB XC8 Compiler V2.36

Linker command line:

-W-3 --edf=C:\Program Files\Microchip\xc8\v2.36\pic\dat\en_msgs.txt -cn \
  -h+dist/default/production\Car_Black_Box.X.production.sym \
  --cmf=dist/default/production\Car_Black_Box.X.production.cmf -z -Q16F877A \
  -oC:\Users\SHREES~1\AppData\Local\Temp\xcAsdmk.4 --defsym=__MPLAB_BUILD=1 \
  -Mdist/default/production/Car_Black_Box.X.production.map \
  --md=C:\Users\SHREES~1\AppData\Local\Temp\xcAsdmk.dat -E1 \
  -ver=XC8 Compiler --acfsm=1493 -ACODE=00h-07FFhx4 -ASTRCODE=00h-01FFFh \
  -ASTRING=00h-0FFhx32 -ACONST=00h-0FFhx32 -AENTRY=00h-0FFhx32 \
  -ACOMMON=070h-07Fh -ABANK0=020h-06Fh -ABANK1=0A0h-0EFh \
  -ABANK2=0110h-016Fh -ABANK3=0190h-01EFh \
  -ARAM=020h-06Fh,0A0h-0EFh,0110h-016Fh,0190h-01EFh \
  -AABS1=020h-07Fh,0A0h-0EFh,0110h-016Fh,0190h-01EFh -ASFR0=00h-01Fh \
  -ASFR1=080h-09Fh -ASFR2=0100h-010Fh -ASFR3=0180h-018Fh \
  -ACONFIG=02007h-02007h -DCONFIG=2 -AIDLOC=02000h-02003h -DIDLOC=2 \
  -AEEDATA=00h-0FFh/02100h -peeprom_data=EEDATA -DEEDATA=2 -DCODE=2 \
  -DSTRCODE=2 -DSTRING=2 -DCONST=2 -DENTRY=2 \
  -preset_vec=00h,intentry=04h,init,end_init -ppowerup=CODE -pcinit=CODE \
  -pfunctab=ENTRY -k C:\Users\SHREES~1\AppData\Local\Temp\xcAsdmk.o \
  dist/default/production\Car_Black_Box.X.production.o 

Object code version is 3.11

Machine type is 16F877A



                Name                               Link     Load   Length Selector   Space Scale
C:\Users\SHREES~1\AppData\Local\Temp\xcAsdmk.o
                end_init                              C        C        3        8       0
                reset_vec                             0        0        3        0       0
                config                             2007     2007        1        0       4
                idloc                              2000     2000        4        0       5
dist/default/production\Car_Black_Box.X.production.o
                cinit                                 F        F       37        8       0
                intentry                              4        4        8        8       0
                config                             2007     2007        1        0       4
                idloc                              2000     2000        4        0       5
                text43                              B2F      B2F       33     165E       0
                text42                              C11      C11       46     1822       0
                text41                              7DF      7DF       20        8       0
                text40                              B00      B00       2F     1600       0
                text39                              98D      98D       15     131A       0
                text38                              941      941        D     1282       0
                text37                              AA6      AA6       2D     154C       0
                text36                              BD3      BD3       3E     17A6       0
                text35                              482      482      178        8       0
                text34                              B96      B96       3D     172C       0
                text33                              F97      F97       69     1F2E       0
                text32                              D4C      D4C       59     1A98       0
                text31                              94E      94E        D     129C       0
                text30                              A07      A07       23     140E       0
                text29                             17CE     17CE        9     2F9C       0
                text28                             17D7     17D7        9     2FAE       0
                text27                             17EA     17EA        B     2FD4       0
                text26                             17F5     17F5        B     2FEA       0
                text25                              AD3      AD3       2D     15A6       0
                text24                              DA5      DA5       5F     1B4A       0
                text23                              E63      E63       66     1CC6       0
                text22                              E04      E04       5F     1C08       0
                text21                             17BF     17BF        7     2F7E       0
                text20                              CA1      CA1       53     1942       0
                text19                              92A      92A        B     1254       0
                text18                             17B9     17B9        6     2F72       0
                text17                              9E9      9E9       1E     13D2       0
                text16                              9CE      9CE       1B     139C       0
                text15                              F2F      F2F       68     1E5E       0
                text14                              B62      B62       34     16C4       0
                text13                              95B      95B        D     12B6       0
                text12                              A7B      A7B       2B     14F6       0
                text11                              9A2      9A2       15     1344       0
                text10                              CF4      CF4       58     19E8       0
                text9                               C57      C57       4A     18AE       0
                text8                               EC9      EC9       66     1D92       0
                text7                               9B7      9B7       17     136E       0
                text6                               2E3      2E3      19F        8       0
                text5                               72E      72E       B1        8       0
                text4                               968      968       12     12D0       0
                text3                               A51      A51       2A     14A2       0
                text2                               A2A      A2A       27     1454       0
                text1                               5FA      5FA      134        8       0
                maintext                             46       46      29D        8       0
                cstackBANK0                          20       20       27       20       1
                cstackCOMMON                         70       70        9       70       1
                clrtext                            17C6     17C6        8     2F8C       0
                inittext                            97A      97A       13     12F4       0
                dataBANK1                            B4       B4        C       A0       1
                bssBANK1                             A0       A0       14       A0       1
                dataBANK0                            65       65        A       20       1
                bssBANK0                             47       47       1E       20       1
                dataCOMMON                           7B       7B        1       70       1
                bssCOMMON                            79       79        2       70       1
                stringtext                          800      800      118       10       0
                strings                             918      918       12     1230       0
                idataBANK1                          935      935        C     126A       0
                idataBANK0                         17E0     17E0        A     2FC0       0
                idataCOMMON                         7FF      7FF        1        8       0

TOTAL           Name                               Link     Load   Length     Space
        CLASS   CODE           
                end_init                              C        C        3         0
                cinit                                 F        F       37         0
                intentry                              4        4        8         0
                reset_vec                             0        0        3         0
                text43                              B2F      B2F       33         0
                text42                              C11      C11       46         0
                text41                              7DF      7DF       20         0
                text40                              B00      B00       2F         0
                text39                              98D      98D       15         0
                text38                              941      941        D         0
                text37                              AA6      AA6       2D         0
                text36                              BD3      BD3       3E         0
                text35                              482      482      178         0
                text34                              B96      B96       3D         0
                text33                              F97      F97       69         0
                text32                              D4C      D4C       59         0
                text31                              94E      94E        D         0
                text30                              A07      A07       23         0
                text29                             17CE     17CE        9         0
                text28                             17D7     17D7        9         0
                text27                             17EA     17EA        B         0
                text26                             17F5     17F5        B         0
                text25                              AD3      AD3       2D         0
                text24                              DA5      DA5       5F         0
                text23                              E63      E63       66         0
                text22                              E04      E04       5F         0
                text21                             17BF     17BF        7         0
                text20                              CA1      CA1       53         0
                text19                              92A      92A        B         0
                text18                             17B9     17B9        6         0
                text17                              9E9      9E9       1E         0
                text16                              9CE      9CE       1B         0
                text15                              F2F      F2F       68         0
                text14                              B62      B62       34         0
                text13                              95B      95B        D         0
                text12                              A7B      A7B       2B         0
                text11                              9A2      9A2       15         0
                text10                              CF4      CF4       58         0
                text9                               C57      C57       4A         0
                text8                               EC9      EC9       66         0
                text7                               9B7      9B7       17         0
                text6                               2E3      2E3      19F         0
                text5                               72E      72E       B1         0
                text4                               968      968       12         0
                text3                               A51      A51       2A         0
                text2                               A2A      A2A       27         0
                text1                               5FA      5FA      134         0
                maintext                             46       46      29D         0
                clrtext                            17C6     17C6        8         0
                inittext                            97A      97A       13         0
                idataBANK1                          935      935        C         0
                idataBANK0                         17E0     17E0        A         0
                idataCOMMON                         7FF      7FF        1         0

        CLASS   STRCODE        
                stringtext                          800      800      118         0

        CLASS   STRING         
                strings                             918      918       12         0

        CLASS   CONST          

        CLASS   ENTRY          

        CLASS   COMMON         
                cstackCOMMON                         70       70        9         1
                dataCOMMON                           7B       7B        1         1
                bssCOMMON                            79       79        2         1

        CLASS   BANK0          
                cstackBANK0                          20       20       27         1
                dataBANK0                            65       65        A         1
                bssBANK0                             47       47       1E         1

        CLASS   BANK1          
                dataBANK1                            B4       B4        C         1
                bssBANK1                             A0       A0       14         1

        CLASS   BANK2          

        CLASS   BANK3          

        CLASS   RAM            

        CLASS   ABS1           
                abs_s1                               7E       7E        2         1

        CLASS   SFR0           

        CLASS   SFR1           

        CLASS   SFR2           

        CLASS   SFR3           

        CLASS   CONFIG         
                config                             2007     2007        1         4

        CLASS   IDLOC          
                idloc                              2000     2000        4         5

        CLASS   EEDATA         

        CLASS   STACK          



SEGMENTS        Name                           Load    Length   Top    Selector   Space  Class     Delta

                reset_vec                      000000  000003  000003         0       0  CODE        2
                intentry                       000004  0007FC  000800         8       0  CODE        2
                cstackBANK0                    000020  00004F  00006F        20       1  BANK0       1
                cstackCOMMON                   000070  00000C  00007C        70       1  COMMON      1
                bssBANK1                       0000A0  000020  0000C0        A0       1  BANK1       1
                stringtext                     000800  000118  000918        10       0  STRCODE     2
                strings                        000918  000012  00092A      1230       0  STRING      2
                text19                         00092A  00000B  000935      1254       0  CODE        2
                idataBANK1                     000935  00000C  000941      126A       0  CODE        2
                text38                         000941  00000D  00094E      1282       0  CODE        2
                text31                         00094E  00000D  00095B      129C       0  CODE        2
                text13                         00095B  00000D  000968      12B6       0  CODE        2
                text4                          000968  000012  00097A      12D0       0  CODE        2
                inittext                       00097A  000013  00098D      12F4       0  CODE        2
                text39                         00098D  000015  0009A2      131A       0  CODE        2
                text11                         0009A2  000015  0009B7      1344       0  CODE        2
                text7                          0009B7  000017  0009CE      136E       0  CODE        2
                text16                         0009CE  00001B  0009E9      139C       0  CODE        2
                text17                         0009E9  00001E  000A07      13D2       0  CODE        2
                text30                         000A07  000023  000A2A      140E       0  CODE        2
                text2                          000A2A  000027  000A51      1454       0  CODE        2
                text3                          000A51  00002A  000A7B      14A2       0  CODE        2
                text12                         000A7B  00002B  000AA6      14F6       0  CODE        2
                text37                         000AA6  00002D  000AD3      154C       0  CODE        2
                text25                         000AD3  00002D  000B00      15A6       0  CODE        2
                text40                         000B00  00002F  000B2F      1600       0  CODE        2
                text43                         000B2F  000033  000B62      165E       0  CODE        2
                text14                         000B62  000034  000B96      16C4       0  CODE        2
                text34                         000B96  00003D  000BD3      172C       0  CODE        2
                text36                         000BD3  00003E  000C11      17A6       0  CODE        2
                text42                         000C11  000046  000C57      1822       0  CODE        2
                text9                          000C57  00004A  000CA1      18AE       0  CODE        2
                text20                         000CA1  000053  000CF4      1942       0  CODE        2
                text10                         000CF4  000058  000D4C      19E8       0  CODE        2
                text32                         000D4C  000059  000DA5      1A98       0  CODE        2
                text24                         000DA5  00005F  000E04      1B4A       0  CODE        2
                text22                         000E04  00005F  000E63      1C08       0  CODE        2
                text23                         000E63  000066  000EC9      1CC6       0  CODE        2
                text8                          000EC9  000066  000F2F      1D92       0  CODE        2
                text15                         000F2F  000068  000F97      1E5E       0  CODE        2
                text33                         000F97  000069  001000      1F2E       0  CODE        2
                text18                         0017B9  000006  0017BF      2F72       0  CODE        2
                text21                         0017BF  000007  0017C6      2F7E       0  CODE        2
                clrtext                        0017C6  000008  0017CE      2F8C       0  CODE        2
                text29                         0017CE  000009  0017D7      2F9C       0  CODE        2
                text28                         0017D7  000009  0017E0      2FAE       0  CODE        2
                idataBANK0                     0017E0  00000A  0017EA      2FC0       0  CODE        2
                text27                         0017EA  00000B  0017F5      2FD4       0  CODE        2
                text26                         0017F5  00000B  001800      2FEA       0  CODE        2


UNUSED ADDRESS RANGES

        Name                Unused          Largest block    Delta
        BANK0            006F-006F              1           1
        BANK1            00C0-00EF             30           1
        BANK2            0110-016F             60           1
        BANK3            0190-01EF             60           1
        CODE             0003-0003              1           2
                         1000-17B8            7B9
                         1800-1FFF            800
        COMMON           007C-007D              2           1
        CONST            0003-0003              1           2
                         1000-17B8            100
                         1800-1FFF            100
        EEDATA           2100-21FF            100           2
        ENTRY            0003-0003              1           2
                         1000-17B8            100
                         1800-1FFF            100
        RAM              006F-006F              1           1
                         00C0-00EF             30
                         0110-016F             60
                         0190-01EF             60
        SFR0             0000-001F             20           1
        SFR1             0080-009F             20           1
        SFR2             0100-010F             10           1
        SFR3             0180-018F             10           1
        STRCODE          0003-0003              1           2
                         1000-17B8            7B9
                         1800-1FFF            800
        STRING           0003-0003              1           2
                         1000-17B8            100
                         1800-1FFF            100

                                  Symbol Table

?___awdiv                        cstackCOMMON 0072
?___awmod                        cstackCOMMON 0072
?___lldiv                        cstackBANK0  0020
?___lwdiv                        cstackBANK0  0020
?_read_adc                       cstackCOMMON 0072
?_strncmp                        cstackCOMMON 0072
_ACKDT                           (abs)        048D
_ACKEN                           (abs)        048C
_ACKSTAT                         (abs)        048E
_ADFM                            (abs)        04FF
_ADON                            (abs)        00F8
_ADRESH                          (abs)        001E
_ADRESL                          (abs)        009E
_EEADR                           (abs)        010D
_EECON1                          (abs)        018C
_EECON1bits                      (abs)        018C
_EECON2                          (abs)        018D
_EEDATA                          (abs)        010C
_GIE                             (abs)        005F
_GO                              (abs)        00FA
_INTCONbits                      (abs)        000B
_PEIE                            (abs)        005E
_PEN                             (abs)        048A
_PORTB                           (abs)        0006
_PORTD                           (abs)        0008
_PR2                             (abs)        0092
_RCEN                            (abs)        048B
_RE1                             (abs)        0049
_RE2                             (abs)        004A
_R_nW                            (abs)        04A2
_SEN                             (abs)        0488
_SSPADD                          (abs)        0093
_SSPBUF                          (abs)        0013
_SSPCON2                         (abs)        0091
_SSPEN                           (abs)        00A5
_SSPM3                           (abs)        00A3
_STATUSbits                      (abs)        0003
_T2CKPS0                         (abs)        0090
_T2CKPS1                         (abs)        0091
_TMR2IE                          (abs)        0461
_TMR2IF                          (abs)        0061
_TMR2ON                          (abs)        0092
_TRISB                           (abs)        0086
_TRISD                           (abs)        0088
_TRISE1                          (abs)        0449
_TRISE2                          (abs)        044A
__Habs1                          abs1         0000
__Hbank0                         bank0        0000
__Hbank1                         bank1        0000
__Hbank2                         bank2        0000
__Hbank3                         bank3        0000
__HbssBANK0                      bssBANK0     0000
__HbssBANK1                      bssBANK1     0000
__HbssCOMMON                     bssCOMMON    0000
__Hcinit                         cinit        0046
__Hclrtext                       clrtext      0000
__Hcode                          code         0000
__Hcommon                        common       0000
__Hconfig                        config       2008
__HcstackBANK0                   cstackBANK0  0000
__HcstackCOMMON                  cstackCOMMON 0000
__HdataBANK0                     dataBANK0    0000
__HdataBANK1                     dataBANK1    0000
__HdataCOMMON                    dataCOMMON   0000
__Heeprom_data                   eeprom_data  0000
__Hend_init                      end_init     000F
__Hfunctab                       functab      0000
__HidataBANK0                    idataBANK0   0000
__HidataBANK1                    idataBANK1   0000
__HidataCOMMON                   idataCOMMON  0000
__Hidloc                         idloc        2004
__Hinit                          init         000C
__Hinittext                      inittext     0000
__Hintentry                      intentry     000C
__Hmaintext                      maintext     0000
__Hpowerup                       powerup      0000
__Hram                           ram          0000
__Hreset_vec                     reset_vec    0003
__Hsfr0                          sfr0         0000
__Hsfr1                          sfr1         0000
__Hsfr2                          sfr2         0000
__Hsfr3                          sfr3         0000
__Hspace_0                       (abs)        1800
__Hspace_1                       (abs)        00C0
__Hspace_2                       (abs)        0000
__Hspace_3                       (abs)        0000
__Hspace_4                       (abs)        400F
__Hstack                         stack        0000
__Hstrings                       strings      0000
__Hstringtext                    stringtext   0000
__Htext                          text         0000
__Labs1                          abs1         0000
__Lbank0                         bank0        0000
__Lbank1                         bank1        0000
__Lbank2                         bank2        0000
__Lbank3                         bank3        0000
__LbssBANK0                      bssBANK0     0000
__LbssBANK1                      bssBANK1     0000
__LbssCOMMON                     bssCOMMON    0000
__Lcinit                         cinit        000F
__Lclrtext                       clrtext      0000
__Lcode                          code         0000
__Lcommon                        common       0000
__Lconfig                        config       0000
__LcstackBANK0                   cstackBANK0  0000
__LcstackCOMMON                  cstackCOMMON 0000
__LdataBANK0                     dataBANK0    0000
__LdataBANK1                     dataBANK1    0000
__LdataCOMMON                    dataCOMMON   0000
__Leeprom_data                   eeprom_data  0000
__Lend_init                      end_init     000C
__Lfunctab                       functab      0000
__LidataBANK0                    idataBANK0   0000
__LidataBANK1                    idataBANK1   0000
__LidataCOMMON                   idataCOMMON  0000
__Lidloc                         idloc        0000
__Linit                          init         000C
__Linittext                      inittext     0000
__Lintentry                      intentry     0004
__Lmaintext                      maintext     0000
__Lpowerup                       powerup      0000
__Lram                           ram          0000
__Lreset_vec                     reset_vec    0000
__Lsfr0                          sfr0         0000
__Lsfr1                          sfr1         0000
__Lsfr2                          sfr2         0000
__Lsfr3                          sfr3         0000
__Lspace_0                       (abs)        0000
__Lspace_1                       (abs)        0000
__Lspace_2                       (abs)        0000
__Lspace_3                       (abs)        0000
__Lspace_4                       (abs)        0000
__Lstack                         stack        0000
__Lstrings                       strings      0000
__Lstringtext                    stringtext   0000
__Ltext                          text         0000
__S0                             (abs)        1800
__S1                             (abs)        00C0
__S3                             (abs)        0000
___awdiv                         text33       0F97
___awdiv@counter                 cstackBANK0  0020
___awdiv@dividend                cstackCOMMON 0074
___awdiv@divisor                 cstackCOMMON 0072
___awdiv@quotient                cstackBANK0  0022
___awdiv@sign                    cstackBANK0  0021
___awmod                         text32       0D4C
___awmod@counter                 cstackCOMMON 0077
___awmod@dividend                cstackCOMMON 0074
___awmod@divisor                 cstackCOMMON 0072
___awmod@sign                    cstackCOMMON 0078
___bmul                          text11       09A2
___bmul@multiplicand             cstackCOMMON 0072
___bmul@multiplier               cstackCOMMON 0075
___bmul@product                  cstackCOMMON 0074
___int_sp                        stack        0000
___latbits                       (abs)        0002
___lldiv                         text15       0F2F
___lldiv@counter                 cstackCOMMON 0077
___lldiv@dividend                cstackBANK0  0024
___lldiv@divisor                 cstackBANK0  0020
___lldiv@quotient                cstackCOMMON 0073
___lwdiv                         text42       0C11
___lwdiv@counter                 cstackBANK0  0024
___lwdiv@dividend                cstackBANK0  0022
___lwdiv@divisor                 cstackBANK0  0020
___lwdiv@quotient                cstackBANK0  0025
___sp                            stack        0000
___stackhi                       (abs)        0000
___stacklo                       (abs)        0000
__end_of___awdiv                 text33       1000
__end_of___awmod                 text32       0DA5
__end_of___bmul                  text11       09B7
__end_of___lldiv                 text15       0F97
__end_of___lwdiv                 text42       0C57
__end_of__initialization         cinit        0042
__end_of__stringtab              strings      092A
__end_of_change_password         text35       05FA
__end_of_clcd_print              text40       0B2F
__end_of_clcd_putch              text39       09A2
__end_of_clcd_write              text41       07FF
__end_of_clear_log               text34       0BD3
__end_of_clear_screen            text38       094E
__end_of_display_dash_board      text22       0E63
__end_of_display_time            text23       0EC9
__end_of_eeprom_read             text7        09CE
__end_of_eeprom_write            text37       0AD3
__end_of_get_time                text24       0E04
__end_of_i2c_read                text30       0A2A
__end_of_i2c_rep_start           text27       17F5
__end_of_i2c_start               text29       17D7
__end_of_i2c_stop                text28       17E0
__end_of_i2c_wait_for_idle       text31       095B
__end_of_i2c_write               text26       1800
__end_of_init_adc                text21       17C6
__end_of_init_clcd               text19       0935
__end_of_init_config             text12       0AA6
__end_of_init_digital_keypad     text18       17BF
__end_of_init_display_controller text20       0CF4
__end_of_init_ds1307             text16       09E9
__end_of_init_i2c                text14       0B96
__end_of_init_timer2             text13       0968
__end_of_isr                     text43       0B62
__end_of_log_car_event           text8        0F2F
__end_of_log_event               text10       0D4C
__end_of_login                   text6        0482
__end_of_login_menu              text5        07DF
__end_of_main                    maintext     02E3
__end_of_read_adc                text4        097A
__end_of_read_digital_keypad     text3        0A7B
__end_of_read_ds1307             text25       0B00
__end_of_strcpy                  text2        0A51
__end_of_strncmp                 text36       0C11
__end_of_strncpy                 text9        0CA1
__end_of_view_log                text1        072E
__end_of_write_ds1307            text17       0A07
__initialization                 cinit        000F
__pbssBANK0                      bssBANK0     0047
__pbssBANK1                      bssBANK1     00A0
__pbssCOMMON                     bssCOMMON    0079
__pcstackBANK0                   cstackBANK0  0020
__pcstackCOMMON                  cstackCOMMON 0070
__pdataBANK0                     dataBANK0    0065
__pdataBANK1                     dataBANK1    00B4
__pdataCOMMON                    dataCOMMON   007B
__pidataBANK0                    idataBANK0   17E0
__pidataBANK1                    idataBANK1   0935
__pidataCOMMON                   idataCOMMON  07FF
__pintentry                      intentry     0004
__pmaintext                      maintext     0046
__pstrings                       strings      0918
__pstringtext                    stringtext   0800
__ptext1                         text1        05FA
__ptext10                        text10       0CF4
__ptext11                        text11       09A2
__ptext12                        text12       0A7B
__ptext13                        text13       095B
__ptext14                        text14       0B62
__ptext15                        text15       0F2F
__ptext16                        text16       09CE
__ptext17                        text17       09E9
__ptext18                        text18       17B9
__ptext19                        text19       092A
__ptext2                         text2        0A2A
__ptext20                        text20       0CA1
__ptext21                        text21       17BF
__ptext22                        text22       0E04
__ptext23                        text23       0E63
__ptext24                        text24       0DA5
__ptext25                        text25       0AD3
__ptext26                        text26       17F5
__ptext27                        text27       17EA
__ptext28                        text28       17D7
__ptext29                        text29       17CE
__ptext3                         text3        0A51
__ptext30                        text30       0A07
__ptext31                        text31       094E
__ptext32                        text32       0D4C
__ptext33                        text33       0F97
__ptext34                        text34       0B96
__ptext35                        text35       0482
__ptext36                        text36       0BD3
__ptext37                        text37       0AA6
__ptext38                        text38       0941
__ptext39                        text39       098D
__ptext4                         text4        0968
__ptext40                        text40       0B00
__ptext41                        text41       07DF
__ptext42                        text42       0C11
__ptext43                        text43       0B2F
__ptext5                         text5        072E
__ptext6                         text6        02E3
__ptext7                         text7        09B7
__ptext8                         text8        0EC9
__ptext9                         text9        0C57
__stringbase                     strings      092A
__stringtab                      strings      0918
_change_password                 text35       0482
_clcd_print                      text40       0B00
_clcd_putch                      text39       098D
_clcd_write                      text41       07DF
_clear_log                       text34       0B96
_clear_screen                    text38       0941
_clock_reg                       bssBANK0     0047
_display_dash_board              text22       0E04
_display_time                    text23       0E63
_eeprom_read                     text7        09B7
_eeprom_write                    text37       0AA6
_event_count                     bssBANK0     004E
_gear                            dataBANK1    00B4
_get_time                        text24       0DA5
_i2c_read                        text30       0A07
_i2c_rep_start                   text27       17EA
_i2c_start                       text29       17CE
_i2c_stop                        text28       17D7
_i2c_wait_for_idle               text31       094E
_i2c_write                       text26       17F5
_init_adc                        text21       17BF
_init_clcd                       text19       092A
_init_config                     text12       0A7B
_init_digital_keypad             text18       17B9
_init_display_controller         text20       0CA1
_init_ds1307                     text16       09CE
_init_i2c                        text14       0B62
_init_timer2                     text13       095B
_isr                             text43       0B2F
_log                             bssBANK1     00A0
_log_car_event                   text8        0EC9
_log_event                       text10       0CF4
_login                           text6        02E3
_login_menu                      text5        072E
_main                            maintext     0046
_menu                            dataBANK0    0065
_nDONE                           (abs)        00FA
_pos                             dataBANK0    006E
_read_adc                        text4        0968
_read_digital_keypad             text3        0A51
_read_ds1307                     text25       0AD3
_return_time                     bssBANK0     0055
_sec                             bssBANK0     0054
_strcpy                          text2        0A2A
_strncmp                         text36       0BD3
_strncpy                         text9        0C57
_time                            bssBANK0     0056
_view_log                        text1        05FA
_write_ds1307                    text17       09E9
btemp                            (abs)        007E
change_password@i                cstackBANK0  002B
change_password@key              cstackBANK0  002A
change_password@once             bssBANK0     004A
change_password@pos              bssBANK0     004C
change_password@pwd              bssBANK1     00AB
change_password@reset_flag       cstackBANK0  0026
clcd_print@addr                  cstackCOMMON 0078
clcd_print@str                   cstackCOMMON 0076
clcd_putch@addr                  cstackBANK0  0024
clcd_putch@data                  cstackBANK0  0025
clcd_write@byte                  cstackCOMMON 0075
clcd_write@mode                  cstackCOMMON 0072
clear_log@reset_flag             cstackBANK0  0023
clear_ram0                       clrtext      17C6
display_dash_board@event         cstackBANK0  002B
display_dash_board@speed         cstackBANK0  0027
eeprom_read@addr                 cstackCOMMON 0073
eeprom_write@addr                cstackCOMMON 0074
eeprom_write@value               cstackCOMMON 0072
end_of_initialization            cinit        0042
i2c_read@ack                     cstackCOMMON 0073
i2c_read@data                    cstackCOMMON 0074
i2c_write@data                   cstackCOMMON 0072
init_ds1307@dummy                cstackBANK0  0020
init_fetch0                      inittext     097A
init_i2c@baud                    cstackBANK0  0028
init_ram0                        inittext     097E
interrupt_function               intentry     0004
intlevel0                        functab      0000
intlevel1                        functab      0000
intlevel2                        functab      0000
intlevel3                        functab      0000
intlevel4                        functab      0000
intlevel5                        functab      0000
isr@count                        bssCOMMON    0079
log_car_event@event              cstackBANK0  0028
log_car_event@speed              cstackBANK0  0024
log_event@addr                   cstackBANK0  0020
log_event@i                      cstackBANK0  0021
login@attempt_rem                bssBANK0     0053
login@i                          bssBANK0     0052
login@j                          cstackBANK0  002B
login@key                        cstackBANK0  002A
login@npassword                  bssBANK0     0061
login@reset_flag                 cstackBANK0  0026
login@spassword                  bssBANK0     005D
login_menu@key                   cstackBANK0  002A
login_menu@menu_pos              bssBANK0     0051
login_menu@reset_flag            cstackBANK0  0026
main@F1018                       dataBANK0    006B
main@control_flag                cstackBANK0  0043
main@event                       cstackBANK0  003F
main@gr                          cstackBANK0  0042
main@j                           cstackBANK0  003C
main@key                         cstackBANK0  0046
main@menu_pos                    cstackBANK0  003E
main@reset_flag                  cstackBANK0  0044
main@speed                       cstackBANK0  0045
read_adc@adc_reg_val             cstackCOMMON 0074
read_digital_keypad@mode         cstackCOMMON 0073
read_digital_keypad@once         dataCOMMON   007B
read_ds1307@addr                 cstackCOMMON 0076
read_ds1307@data                 cstackCOMMON 0077
reset_vec                        reset_vec    0000
saved_w                          (abs)        007E
start                            init         000C
start_initialization             cinit        000F
strcpy@cp                        cstackCOMMON 0075
strcpy@from                      cstackCOMMON 0072
strcpy@to                        cstackCOMMON 0076
strncmp@len                      cstackCOMMON 0073
strncmp@s1                       cstackCOMMON 0077
strncmp@s2                       cstackCOMMON 0072
strncpy@cp                       cstackBANK0  0021
strncpy@from                     cstackCOMMON 0072
strncpy@size                     cstackCOMMON 0074
strncpy@to                       cstackBANK0  0020
view_log@addr                    cstackBANK0  0035
view_log@i                       cstackBANK0  0037
view_log@key                     cstackBANK0  0036
view_log@reset_flag              cstackBANK0  0026
view_log@rlog                    cstackBANK0  002A
view_log@rpos                    bssBANK0     0050
write_ds1307@addr                cstackCOMMON 0074
write_ds1307@data                cstackCOMMON 0073
wtemp0                           (abs)        007E


MODULE INFORMATION

Module		Function		Class		Link	Load	Size
C:\Program Files\Microchip\xc8\v2.36\pic\sources\c90\common\awmod.c
		___awmod       		CODE           	0D4C	0000	89

C:\Program Files\Microchip\xc8\v2.36\pic\sources\c90\common\awmod.c estimated size: 89

C:/Users/Shreesh Kulkarni/OneDrive/Desktop/Shreesh/Car_Black_Box.X/clcd.c
		_clcd_write    		CODE           	07DF	0000	32
		_clcd_print    		CODE           	0B00	0000	47
		_clcd_putch    		CODE           	098D	0000	21
		_init_display_controller		CODE           	0CA1	0000	83
		_init_clcd     		CODE           	092A	0000	11

C:/Users/Shreesh Kulkarni/OneDrive/Desktop/Shreesh/Car_Black_Box.X/clcd.c estimated size: 194

C:/Users/Shreesh Kulkarni/OneDrive/Desktop/Shreesh/Car_Black_Box.X/digital_keypad.c
		_init_digital_keypad		CODE           	17B9	0000	6
		_read_digital_keypad		CODE           	0A51	0000	42

C:/Users/Shreesh Kulkarni/OneDrive/Desktop/Shreesh/Car_Black_Box.X/digital_keypad.c estimated size: 48

C:/Users/Shreesh Kulkarni/OneDrive/Desktop/Shreesh/Car_Black_Box.X/i2c.c
		_i2c_start     		CODE           	17CE	0000	9
		_i2c_rep_start 		CODE           	17EA	0000	11
		_i2c_write     		CODE           	17F5	0000	11
		_i2c_stop      		CODE           	17D7	0000	9
		_i2c_read      		CODE           	0A07	0000	35
		_init_i2c      		CODE           	0B62	0000	52
		_i2c_wait_for_idle		CODE           	094E	0000	13

C:/Users/Shreesh Kulkarni/OneDrive/Desktop/Shreesh/Car_Black_Box.X/i2c.c estimated size: 140

C:/Users/Shreesh Kulkarni/OneDrive/Desktop/Shreesh/Car_Black_Box.X/timers.c
		_init_timer2   		CODE           	095B	0000	13

C:/Users/Shreesh Kulkarni/OneDrive/Desktop/Shreesh/Car_Black_Box.X/timers.c estimated size: 13

C:\Program Files\Microchip\xc8\v2.36\pic\sources\c90\common\strncmp.c
		_strncmp       		CODE           	0BD3	0000	62

C:\Program Files\Microchip\xc8\v2.36\pic\sources\c90\common\strncmp.c estimated size: 62

C:\Program Files\Microchip\xc8\v2.36\pic\sources\c90\common\lwdiv.c
		___lwdiv       		CODE           	0C11	0000	70

C:\Program Files\Microchip\xc8\v2.36\pic\sources\c90\common\lwdiv.c estimated size: 70

C:\Program Files\Microchip\xc8\v2.36\pic\sources\c90\common\strncpy.c
		_strncpy       		CODE           	0C57	0000	74

C:\Program Files\Microchip\xc8\v2.36\pic\sources\c90\common\strncpy.c estimated size: 74

C:\Program Files\Microchip\xc8\v2.36\pic\sources\c90\common\awdiv.c
		___awdiv       		CODE           	0F97	0000	105

C:\Program Files\Microchip\xc8\v2.36\pic\sources\c90\common\awdiv.c estimated size: 105

C:\Program Files\Microchip\xc8\v2.36\pic\sources\c90\common\__lldiv.c
		___lldiv       		CODE           	0F2F	0000	104

C:\Program Files\Microchip\xc8\v2.36\pic\sources\c90\common\__lldiv.c estimated size: 104

C:\Program Files\Microchip\xc8\v2.36\pic\sources\c90\pic\__eeread.c
		_eeprom_read   		CODE           	09B7	0000	23

C:\Program Files\Microchip\xc8\v2.36\pic\sources\c90\pic\__eeread.c estimated size: 23

C:/Users/Shreesh Kulkarni/OneDrive/Desktop/Shreesh/Car_Black_Box.X/adc.c
		_init_adc      		CODE           	17BF	0000	7
		_read_adc      		CODE           	0968	0000	18

C:/Users/Shreesh Kulkarni/OneDrive/Desktop/Shreesh/Car_Black_Box.X/adc.c estimated size: 25

C:\Program Files\Microchip\xc8\v2.36\pic\sources\c90\common\Umul8.c
		___bmul        		CODE           	09A2	0000	21

C:\Program Files\Microchip\xc8\v2.36\pic\sources\c90\common\Umul8.c estimated size: 21

C:/Users/Shreesh Kulkarni/OneDrive/Desktop/Shreesh/Car_Black_Box.X/ds1307.c
		_read_ds1307   		CODE           	0AD3	0000	45
		_write_ds1307  		CODE           	09E9	0000	30
		_init_ds1307   		CODE           	09CE	0000	27

C:/Users/Shreesh Kulkarni/OneDrive/Desktop/Shreesh/Car_Black_Box.X/ds1307.c estimated size: 102

C:\Program Files\Microchip\xc8\v2.36\pic\sources\c90\pic\__eewrite.c
		_eeprom_write  		CODE           	0AA6	0000	45

C:\Program Files\Microchip\xc8\v2.36\pic\sources\c90\pic\__eewrite.c estimated size: 45

shared
		__stringtab    		STRING         	0918	0000	18
		__initialization		CODE           	000F	0000	51

shared estimated size: 69

C:/Users/Shreesh Kulkarni/OneDrive/Desktop/Shreesh/Car_Black_Box.X/isr.c
		_isr           		CODE           	0B2F	0000	51

C:/Users/Shreesh Kulkarni/OneDrive/Desktop/Shreesh/Car_Black_Box.X/isr.c estimated size: 51

C:/Users/Shreesh Kulkarni/OneDrive/Desktop/Shreesh/Car_Black_Box.X/main.c
		_main          		CODE           	0046	0000	669
		_init_config   		CODE           	0A7B	0000	43

C:/Users/Shreesh Kulkarni/OneDrive/Desktop/Shreesh/Car_Black_Box.X/main.c estimated size: 712

C:\Program Files\Microchip\xc8\v2.36\pic\sources\c90\common\strcpy.c
		_strcpy        		CODE           	0A2A	0000	39

C:\Program Files\Microchip\xc8\v2.36\pic\sources\c90\common\strcpy.c estimated size: 39

C:/Users/Shreesh Kulkarni/OneDrive/Desktop/Shreesh/Car_Black_Box.X/car_black_box_def.c
		_view_log      		CODE           	05FA	0000	308
		_log_car_event 		CODE           	0EC9	0000	102
		_display_time  		CODE           	0E63	0000	102
		_change_password		CODE           	0482	0000	376
		_get_time      		CODE           	0DA5	0000	95
		_clear_screen  		CODE           	0941	0000	13
		_display_dash_board		CODE           	0E04	0000	95
		_log_event     		CODE           	0CF4	0000	88
		_login_menu    		CODE           	072E	0000	177
		_clear_log     		CODE           	0B96	0000	61
		_login         		CODE           	02E3	0000	415

C:/Users/Shreesh Kulkarni/OneDrive/Desktop/Shreesh/Car_Black_Box.X/car_black_box_def.c estimated size: 1832

